C:\Users\raphael.eric\Pbackdcl\NCBA.DCL\Program.cs(8,1): error CS8802: Only one compilation unit can have top-level statements. [C:\Users\raphael.eric\Pbackdcl\NCBA.DCL\NCBA.DCL.csproj]
C:\Users\raphael.eric\Pbackdcl\NCBA.DCL\obj\Debug\net8.0\.NETCoreApp,Version=v8.0.AssemblyAttributes.cs(4,12): error CS0579: Duplicate 'global::System.Runtime.Versioning.TargetFrameworkAttribute' attribute [C:\Users\raphael.eric\Pbackdcl\NCBA.DCL\NCBA.DCL.csproj]
C:\Users\raphael.eric\Pbackdcl\NCBA.DCL\obj\Debug\net8.0\NCBA.DCL.AssemblyInfo.cs(13,12): error CS0579: Duplicate 'System.Reflection.AssemblyCompanyAttribute' attribute [C:\Users\raphael.eric\Pbackdcl\NCBA.DCL\NCBA.DCL.csproj]
C:\Users\raphael.eric\Pbackdcl\NCBA.DCL\obj\Debug\net8.0\NCBA.DCL.AssemblyInfo.cs(14,12): error CS0579: Duplicate 'System.Reflection.AssemblyConfigurationAttribute' attribute [C:\Users\raphael.eric\Pbackdcl\NCBA.DCL\NCBA.DCL.csproj]
C:\Users\raphael.eric\Pbackdcl\NCBA.DCL\obj\Debug\net8.0\NCBA.DCL.AssemblyInfo.cs(15,12): error CS0579: Duplicate 'System.Reflection.AssemblyFileVersionAttribute' attribute [C:\Users\raphael.eric\Pbackdcl\NCBA.DCL\NCBA.DCL.csproj]
C:\Users\raphael.eric\Pbackdcl\NCBA.DCL\obj\Debug\net8.0\NCBA.DCL.AssemblyInfo.cs(16,12): error CS0579: Duplicate 'System.Reflection.AssemblyInformationalVersionAttribute' attribute [C:\Users\raphael.eric\Pbackdcl\NCBA.DCL\NCBA.DCL.csproj]
C:\Users\raphael.eric\Pbackdcl\NCBA.DCL\obj\Debug\net8.0\NCBA.DCL.AssemblyInfo.cs(17,12): error CS0579: Duplicate 'System.Reflection.AssemblyProductAttribute' attribute [C:\Users\raphael.eric\Pbackdcl\NCBA.DCL\NCBA.DCL.csproj]
C:\Users\raphael.eric\Pbackdcl\NCBA.DCL\obj\Debug\net8.0\NCBA.DCL.AssemblyInfo.cs(18,12): error CS0579: Duplicate 'System.Reflection.AssemblyTitleAttribute' attribute [C:\Users\raphael.eric\Pbackdcl\NCBA.DCL\NCBA.DCL.csproj]
C:\Users\raphael.eric\Pbackdcl\NCBA.DCL\obj\Debug\net8.0\NCBA.DCL.AssemblyInfo.cs(19,12): error CS0579: Duplicate 'System.Reflection.AssemblyVersionAttribute' attribute [C:\Users\raphael.eric\Pbackdcl\NCBA.DCL\NCBA.DCL.csproj]
C:\Users\raphael.eric\Pbackdcl\NCBA.DCL\NCBA.DCL\Controllers\AuthController.cs(12,14): error CS0101: The namespace 'NCBA.DCL.Controllers' already contains a definition for 'AuthController' [C:\Users\raphael.eric\Pbackdcl\NCBA.DCL\NCBA.DCL.csproj]
C:\Users\raphael.eric\Pbackdcl\NCBA.DCL\NCBA.DCL\Controllers\CheckerController.cs(14,14): error CS0101: The namespace 'NCBA.DCL.Controllers' already contains a definition for 'CheckerController' [C:\Users\raphael.eric\Pbackdcl\NCBA.DCL\NCBA.DCL.csproj]
C:\Users\raphael.eric\Pbackdcl\NCBA.DCL\NCBA.DCL\Controllers\CoCreatorController.cs(21,14): error CS0101: The namespace 'NCBA.DCL.Controllers' already contains a definition for 'CoCreatorController' [C:\Users\raphael.eric\Pbackdcl\NCBA.DCL\NCBA.DCL.csproj]
C:\Users\raphael.eric\Pbackdcl\NCBA.DCL\NCBA.DCL\Controllers\DeferralController.cs(12,14): error CS0101: The namespace 'NCBA.DCL.Controllers' already contains a definition for 'DeferralController' [C:\Users\raphael.eric\Pbackdcl\NCBA.DCL\NCBA.DCL.csproj]
C:\Users\raphael.eric\Pbackdcl\NCBA.DCL\NCBA.DCL\Controllers\DeferralController.cs(372,14): error CS0101: The namespace 'NCBA.DCL.Controllers' already contains a definition for 'CreateDeferralRequest' [C:\Users\raphael.eric\Pbackdcl\NCBA.DCL\NCBA.DCL.csproj]
C:\Users\raphael.eric\Pbackdcl\NCBA.DCL\NCBA.DCL\Controllers\DeferralController.cs(380,14): error CS0101: The namespace 'NCBA.DCL.Controllers' already contains a definition for 'FacilityRequest' [C:\Users\raphael.eric\Pbackdcl\NCBA.DCL\NCBA.DCL.csproj]
C:\Users\raphael.eric\Pbackdcl\NCBA.DCL\NCBA.DCL\Controllers\DeferralController.cs(388,14): error CS0101: The namespace 'NCBA.DCL.Controllers' already contains a definition for 'AddDeferralDocumentRequest' [C:\Users\raphael.eric\Pbackdcl\NCBA.DCL\NCBA.DCL.csproj]
C:\Users\raphael.eric\Pbackdcl\NCBA.DCL\NCBA.DCL\Controllers\DeferralController.cs(394,14): error CS0101: The namespace 'NCBA.DCL.Controllers' already contains a definition for 'ApproverRequest' [C:\Users\raphael.eric\Pbackdcl\NCBA.DCL\NCBA.DCL.csproj]
C:\Users\raphael.eric\Pbackdcl\NCBA.DCL\NCBA.DCL\Controllers\DeferralController.cs(399,14): error CS0101: The namespace 'NCBA.DCL.Controllers' already contains a definition for 'RejectDeferralRequest' [C:\Users\raphael.eric\Pbackdcl\NCBA.DCL\NCBA.DCL.csproj]
C:\Users\raphael.eric\Pbackdcl\NCBA.DCL\NCBA.DCL\Controllers\RMController.cs(14,14): error CS0101: The namespace 'NCBA.DCL.Controllers' already contains a definition for 'RMController' [C:\Users\raphael.eric\Pbackdcl\NCBA.DCL\NCBA.DCL.csproj]
C:\Users\raphael.eric\Pbackdcl\NCBA.DCL\NCBA.DCL\Controllers\UserController.cs(16,14): error CS0101: The namespace 'NCBA.DCL.Controllers' already contains a definition for 'UserController' [C:\Users\raphael.eric\Pbackdcl\NCBA.DCL\NCBA.DCL.csproj]
C:\Users\raphael.eric\Pbackdcl\NCBA.DCL\NCBA.DCL\Controllers\UserController.cs(282,14): error CS0101: The namespace 'NCBA.DCL.Controllers' already contains a definition for 'ChangeRoleRequest' [C:\Users\raphael.eric\Pbackdcl\NCBA.DCL\NCBA.DCL.csproj]
C:\Users\raphael.eric\Pbackdcl\NCBA.DCL\NCBA.DCL\Controllers\UserLogController.cs(11,14): error CS0101: The namespace 'NCBA.DCL.Controllers' already contains a definition for 'UserLogController' [C:\Users\raphael.eric\Pbackdcl\NCBA.DCL\NCBA.DCL.csproj]
C:\Users\raphael.eric\Pbackdcl\NCBA.DCL\NCBA.DCL\Data\ApplicationDbContext.cs(6,14): error CS0101: The namespace 'NCBA.DCL.Data' already contains a definition for 'ApplicationDbContext' [C:\Users\raphael.eric\Pbackdcl\NCBA.DCL\NCBA.DCL.csproj]
C:\Users\raphael.eric\Pbackdcl\NCBA.DCL\NCBA.DCL\DTOs\AuthDTOs.cs(6,14): error CS0101: The namespace 'NCBA.DCL.DTOs' already contains a definition for 'RegisterAdminRequest' [C:\Users\raphael.eric\Pbackdcl\NCBA.DCL\NCBA.DCL.csproj]
C:\Users\raphael.eric\Pbackdcl\NCBA.DCL\NCBA.DCL\DTOs\AuthDTOs.cs(21,14): error CS0101: The namespace 'NCBA.DCL.DTOs' already contains a definition for 'LoginRequest' [C:\Users\raphael.eric\Pbackdcl\NCBA.DCL\NCBA.DCL.csproj]
C:\Users\raphael.eric\Pbackdcl\NCBA.DCL\NCBA.DCL\DTOs\AuthDTOs.cs(31,14): error CS0101: The namespace 'NCBA.DCL.DTOs' already contains a definition for 'LoginResponse' [C:\Users\raphael.eric\Pbackdcl\NCBA.DCL\NCBA.DCL.csproj]
C:\Users\raphael.eric\Pbackdcl\NCBA.DCL\NCBA.DCL\DTOs\AuthDTOs.cs(37,14): error CS0101: The namespace 'NCBA.DCL.DTOs' already contains a definition for 'UserResponse' [C:\Users\raphael.eric\Pbackdcl\NCBA.DCL\NCBA.DCL.csproj]
C:\Users\raphael.eric\Pbackdcl\NCBA.DCL\NCBA.DCL\DTOs\AuthDTOs.cs(45,14): error CS0101: The namespace 'NCBA.DCL.DTOs' already contains a definition for 'CreateUserRequest' [C:\Users\raphael.eric\Pbackdcl\NCBA.DCL\NCBA.DCL.csproj]
C:\Users\raphael.eric\Pbackdcl\NCBA.DCL\NCBA.DCL\DTOs\ChecklistDTOs.cs(239,14): error CS0101: The namespace 'NCBA.DCL.DTOs' already contains a definition for 'CreateChecklistRequest' [C:\Users\raphael.eric\Pbackdcl\NCBA.DCL\NCBA.DCL.csproj]
C:\Users\raphael.eric\Pbackdcl\NCBA.DCL\NCBA.DCL\DTOs\ChecklistDTOs.cs(365,14): error CS0101: The namespace 'NCBA.DCL.DTOs' already contains a definition for 'UpdateChecklistRequest' [C:\Users\raphael.eric\Pbackdcl\NCBA.DCL\NCBA.DCL.csproj]
C:\Users\raphael.eric\Pbackdcl\NCBA.DCL\NCBA.DCL\DTOs\ChecklistDTOs.cs(380,14): error CS0101: The namespace 'NCBA.DCL.DTOs' already contains a definition for 'UpdateStatusRequest' [C:\Users\raphael.eric\Pbackdcl\NCBA.DCL\NCBA.DCL.csproj]
C:\Users\raphael.eric\Pbackdcl\NCBA.DCL\NCBA.DCL\DTOs\ChecklistDTOs.cs(389,14): error CS0101: The namespace 'NCBA.DCL.DTOs' already contains a definition for 'AddDocumentRequest' [C:\Users\raphael.eric\Pbackdcl\NCBA.DCL\NCBA.DCL.csproj]
C:\Users\raphael.eric\Pbackdcl\NCBA.DCL\NCBA.DCL\DTOs\ChecklistDTOs.cs(400,14): error CS0101: The namespace 'NCBA.DCL.DTOs' already contains a definition for 'UpdateDocumentRequest' [C:\Users\raphael.eric\Pbackdcl\NCBA.DCL\NCBA.DCL.csproj]
C:\Users\raphael.eric\Pbackdcl\NCBA.DCL\NCBA.DCL\DTOs\ChecklistDTOs.cs(427,14): error CS0101: The namespace 'NCBA.DCL.DTOs' already contains a definition for 'CoCreatorReviewRequest' [C:\Users\raphael.eric\Pbackdcl\NCBA.DCL\NCBA.DCL.csproj]
C:\Users\raphael.eric\Pbackdcl\NCBA.DCL\NCBA.DCL\DTOs\ChecklistDTOs.cs(436,14): error CS0101: The namespace 'NCBA.DCL.DTOs' already contains a definition for 'CoCheckerApprovalRequest' [C:\Users\raphael.eric\Pbackdcl\NCBA.DCL\NCBA.DCL.csproj]
C:\Users\raphael.eric\Pbackdcl\NCBA.DCL\NCBA.DCL\DTOs\ChecklistDTOs.cs(445,14): error CS0101: The namespace 'NCBA.DCL.DTOs' already contains a definition for 'AdminUpdateDocumentRequest' [C:\Users\raphael.eric\Pbackdcl\NCBA.DCL\NCBA.DCL.csproj]
C:\Users\raphael.eric\Pbackdcl\NCBA.DCL\NCBA.DCL\DTOs\ChecklistDTOs.cs(458,14): error CS0101: The namespace 'NCBA.DCL.DTOs' already contains a definition for 'UpdateChecklistStatusRequest' [C:\Users\raphael.eric\Pbackdcl\NCBA.DCL\NCBA.DCL.csproj]
C:\Users\raphael.eric\Pbackdcl\NCBA.DCL\NCBA.DCL\DTOs\ChecklistDTOs.cs(471,14): error CS0101: The namespace 'NCBA.DCL.DTOs' already contains a definition for 'UpdateCheckerDCLRequest' [C:\Users\raphael.eric\Pbackdcl\NCBA.DCL\NCBA.DCL.csproj]
C:\Users\raphael.eric\Pbackdcl\NCBA.DCL\NCBA.DCL\DTOs\ChecklistDTOs.cs(477,14): error CS0101: The namespace 'NCBA.DCL.DTOs' already contains a definition for 'RejectDCLRequest' [C:\Users\raphael.eric\Pbackdcl\NCBA.DCL\NCBA.DCL.csproj]
C:\Users\raphael.eric\Pbackdcl\NCBA.DCL\NCBA.DCL\DTOs\ChecklistDTOs.cs(487,14): error CS0101: The namespace 'NCBA.DCL.DTOs' already contains a definition for 'SubmitToCoCreatorRequest' [C:\Users\raphael.eric\Pbackdcl\NCBA.DCL\NCBA.DCL.csproj]
C:\Users\raphael.eric\Pbackdcl\NCBA.DCL\NCBA.DCL\Helpers\FileUploadHelper.cs(3,21): error CS0101: The namespace 'NCBA.DCL.Helpers' already contains a definition for 'FileUploadHelper' [C:\Users\raphael.eric\Pbackdcl\NCBA.DCL\NCBA.DCL.csproj]
C:\Users\raphael.eric\Pbackdcl\NCBA.DCL\NCBA.DCL\Helpers\JwtTokenGenerator.cs(9,14): error CS0101: The namespace 'NCBA.DCL.Helpers' already contains a definition for 'JwtTokenGenerator' [C:\Users\raphael.eric\Pbackdcl\NCBA.DCL\NCBA.DCL.csproj]
C:\Users\raphael.eric\Pbackdcl\NCBA.DCL\NCBA.DCL\Helpers\PasswordHasher.cs(3,21): error CS0101: The namespace 'NCBA.DCL.Helpers' already contains a definition for 'PasswordHasher' [C:\Users\raphael.eric\Pbackdcl\NCBA.DCL\NCBA.DCL.csproj]
C:\Users\raphael.eric\Pbackdcl\NCBA.DCL\NCBA.DCL\Models\Checklist.cs(14,14): error CS0101: The namespace 'NCBA.DCL.Models' already contains a definition for 'Checklist' [C:\Users\raphael.eric\Pbackdcl\NCBA.DCL\NCBA.DCL.csproj]
C:\Users\raphael.eric\Pbackdcl\NCBA.DCL\NCBA.DCL\Models\Checklist.cs(104,14): error CS0101: The namespace 'NCBA.DCL.Models' already contains a definition for 'ChecklistLog' [C:\Users\raphael.eric\Pbackdcl\NCBA.DCL\NCBA.DCL.csproj]
C:\Users\raphael.eric\Pbackdcl\NCBA.DCL\NCBA.DCL\Models\Deferral.cs(5,14): error CS0101: The namespace 'NCBA.DCL.Models' already contains a definition for 'Deferral' [C:\Users\raphael.eric\Pbackdcl\NCBA.DCL\NCBA.DCL.csproj]
C:\Users\raphael.eric\Pbackdcl\NCBA.DCL\NCBA.DCL\Models\Deferral.cs(39,14): error CS0101: The namespace 'NCBA.DCL.Models' already contains a definition for 'Facility' [C:\Users\raphael.eric\Pbackdcl\NCBA.DCL\NCBA.DCL.csproj]
C:\Users\raphael.eric\Pbackdcl\NCBA.DCL\NCBA.DCL\Models\Deferral.cs(55,14): error CS0101: The namespace 'NCBA.DCL.Models' already contains a definition for 'DeferralDocument' [C:\Users\raphael.eric\Pbackdcl\NCBA.DCL\NCBA.DCL.csproj]
C:\Users\raphael.eric\Pbackdcl\NCBA.DCL\NCBA.DCL\Models\Deferral.cs(70,14): error CS0101: The namespace 'NCBA.DCL.Models' already contains a definition for 'Approver' [C:\Users\raphael.eric\Pbackdcl\NCBA.DCL\NCBA.DCL.csproj]
C:\Users\raphael.eric\Pbackdcl\NCBA.DCL\NCBA.DCL\Models\Document.cs(6,14): error CS0101: The namespace 'NCBA.DCL.Models' already contains a definition for 'Document' [C:\Users\raphael.eric\Pbackdcl\NCBA.DCL\NCBA.DCL.csproj]
C:\Users\raphael.eric\Pbackdcl\NCBA.DCL\NCBA.DCL\Models\Document.cs(48,14): error CS0101: The namespace 'NCBA.DCL.Models' already contains a definition for 'CoCreatorFile' [C:\Users\raphael.eric\Pbackdcl\NCBA.DCL\NCBA.DCL.csproj]
C:\Users\raphael.eric\Pbackdcl\NCBA.DCL\NCBA.DCL\Models\Document.cs(58,14): error CS0101: The namespace 'NCBA.DCL.Models' already contains a definition for 'DocumentCategory' [C:\Users\raphael.eric\Pbackdcl\NCBA.DCL\NCBA.DCL.csproj]
C:\Users\raphael.eric\Pbackdcl\NCBA.DCL\NCBA.DCL\Models\Notification.cs(3,14): error CS0101: The namespace 'NCBA.DCL.Models' already contains a definition for 'Notification' [C:\Users\raphael.eric\Pbackdcl\NCBA.DCL\NCBA.DCL.csproj]
C:\Users\raphael.eric\Pbackdcl\NCBA.DCL\NCBA.DCL\Models\User.cs(76,14): error CS0101: The namespace 'NCBA.DCL.Models' already contains a definition for 'User' [C:\Users\raphael.eric\Pbackdcl\NCBA.DCL\NCBA.DCL.csproj]
C:\Users\raphael.eric\Pbackdcl\NCBA.DCL\NCBA.DCL\Models\UserLog.cs(5,14): error CS0101: The namespace 'NCBA.DCL.Models' already contains a definition for 'UserLog' [C:\Users\raphael.eric\Pbackdcl\NCBA.DCL\NCBA.DCL.csproj]
C:\Users\raphael.eric\Pbackdcl\NCBA.DCL\NCBA.DCL\Models\Checklist.cs(122,13): error CS0101: The namespace 'NCBA.DCL.Models' already contains a definition for 'ChecklistStatus' [C:\Users\raphael.eric\Pbackdcl\NCBA.DCL\NCBA.DCL.csproj]
C:\Users\raphael.eric\Pbackdcl\NCBA.DCL\NCBA.DCL\Models\Deferral.cs(84,13): error CS0101: The namespace 'NCBA.DCL.Models' already contains a definition for 'DeferralStatus' [C:\Users\raphael.eric\Pbackdcl\NCBA.DCL\NCBA.DCL.csproj]
C:\Users\raphael.eric\Pbackdcl\NCBA.DCL\NCBA.DCL\Models\Document.cs(69,13): error CS0101: The namespace 'NCBA.DCL.Models' already contains a definition for 'DocumentStatus' [C:\Users\raphael.eric\Pbackdcl\NCBA.DCL\NCBA.DCL.csproj]
C:\Users\raphael.eric\Pbackdcl\NCBA.DCL\NCBA.DCL\Models\Document.cs(143,13): error CS0101: The namespace 'NCBA.DCL.Models' already contains a definition for 'CreatorStatus' [C:\Users\raphael.eric\Pbackdcl\NCBA.DCL\NCBA.DCL.csproj]
C:\Users\raphael.eric\Pbackdcl\NCBA.DCL\NCBA.DCL\Models\Document.cs(180,13): error CS0101: The namespace 'NCBA.DCL.Models' already contains a definition for 'CheckerStatus' [C:\Users\raphael.eric\Pbackdcl\NCBA.DCL\NCBA.DCL.csproj]
C:\Users\raphael.eric\Pbackdcl\NCBA.DCL\NCBA.DCL\Models\Document.cs(168,13): error CS0101: The namespace 'NCBA.DCL.Models' already contains a definition for 'RmStatus' [C:\Users\raphael.eric\Pbackdcl\NCBA.DCL\NCBA.DCL.csproj]
C:\Users\raphael.eric\Pbackdcl\NCBA.DCL\NCBA.DCL\Models\User.cs(114,13): error CS0101: The namespace 'NCBA.DCL.Models' already contains a definition for 'UserRole' [C:\Users\raphael.eric\Pbackdcl\NCBA.DCL\NCBA.DCL.csproj]
C:\Users\raphael.eric\Pbackdcl\NCBA.DCL\NCBA.DCL\Middleware\RoleAuthorizeAttribute.cs(8,14): error CS0101: The namespace 'NCBA.DCL.Middleware' already contains a definition for 'RoleAuthorizeAttribute' [C:\Users\raphael.eric\Pbackdcl\NCBA.DCL\NCBA.DCL.csproj]
C:\Users\raphael.eric\Pbackdcl\NCBA.DCL\NCBA.DCL\Controllers\AuthController.cs(10,2): error CS0579: Duplicate 'ApiController' attribute [C:\Users\raphael.eric\Pbackdcl\NCBA.DCL\NCBA.DCL.csproj]
C:\Users\raphael.eric\Pbackdcl\NCBA.DCL\NCBA.DCL\Controllers\CheckerController.cs(11,2): error CS0579: Duplicate 'ApiController' attribute [C:\Users\raphael.eric\Pbackdcl\NCBA.DCL\NCBA.DCL.csproj]
C:\Users\raphael.eric\Pbackdcl\NCBA.DCL\NCBA.DCL\Helpers\FileUploadHelper.cs(5,38): error CS0111: Type 'FileUploadHelper' already defines a member called 'SaveFileAsync' with the same parameter types [C:\Users\raphael.eric\Pbackdcl\NCBA.DCL\NCBA.DCL.csproj]
C:\Users\raphael.eric\Pbackdcl\NCBA.DCL\NCBA.DCL\Helpers\FileUploadHelper.cs(31,24): error CS0111: Type 'FileUploadHelper' already defines a member called 'DeleteFile' with the same parameter types [C:\Users\raphael.eric\Pbackdcl\NCBA.DCL\NCBA.DCL.csproj]
C:\Users\raphael.eric\Pbackdcl\NCBA.DCL\NCBA.DCL\Helpers\JwtTokenGenerator.cs(13,12): error CS0111: Type 'JwtTokenGenerator' already defines a member called 'JwtTokenGenerator' with the same parameter types [C:\Users\raphael.eric\Pbackdcl\NCBA.DCL\NCBA.DCL.csproj]
C:\Users\raphael.eric\Pbackdcl\NCBA.DCL\NCBA.DCL\Helpers\JwtTokenGenerator.cs(18,19): error CS0111: Type 'JwtTokenGenerator' already defines a member called 'GenerateToken' with the same parameter types [C:\Users\raphael.eric\Pbackdcl\NCBA.DCL\NCBA.DCL.csproj]
C:\Users\raphael.eric\Pbackdcl\NCBA.DCL\NCBA.DCL\Helpers\PasswordHasher.cs(5,26): error CS0111: Type 'PasswordHasher' already defines a member called 'HashPassword' with the same parameter types [C:\Users\raphael.eric\Pbackdcl\NCBA.DCL\NCBA.DCL.csproj]
C:\Users\raphael.eric\Pbackdcl\NCBA.DCL\NCBA.DCL\Helpers\PasswordHasher.cs(10,24): error CS0111: Type 'PasswordHasher' already defines a member called 'VerifyPassword' with the same parameter types [C:\Users\raphael.eric\Pbackdcl\NCBA.DCL\NCBA.DCL.csproj]
C:\Users\raphael.eric\Pbackdcl\NCBA.DCL\NCBA.DCL\Controllers\AuthController.cs(18,12): error CS0111: Type 'AuthController' already defines a member called 'AuthController' with the same parameter types [C:\Users\raphael.eric\Pbackdcl\NCBA.DCL\NCBA.DCL.csproj]
C:\Users\raphael.eric\Pbackdcl\NCBA.DCL\NCBA.DCL\Controllers\AuthController.cs(29,38): error CS0111: Type 'AuthController' already defines a member called 'RegisterAdmin' with the same parameter types [C:\Users\raphael.eric\Pbackdcl\NCBA.DCL\NCBA.DCL.csproj]
C:\Users\raphael.eric\Pbackdcl\NCBA.DCL\NCBA.DCL\Controllers\AuthController.cs(75,38): error CS0111: Type 'AuthController' already defines a member called 'Login' with the same parameter types [C:\Users\raphael.eric\Pbackdcl\NCBA.DCL\NCBA.DCL.csproj]
C:\Users\raphael.eric\Pbackdcl\NCBA.DCL\NCBA.DCL\Controllers\CoCreatorController.cs(18,2): error CS0579: Duplicate 'ApiController' attribute [C:\Users\raphael.eric\Pbackdcl\NCBA.DCL\NCBA.DCL.csproj]
C:\Users\raphael.eric\Pbackdcl\NCBA.DCL\NCBA.DCL\Controllers\DeferralController.cs(9,2): error CS0579: Duplicate 'ApiController' attribute [C:\Users\raphael.eric\Pbackdcl\NCBA.DCL\NCBA.DCL.csproj]
C:\Users\raphael.eric\Pbackdcl\NCBA.DCL\Controllers\CheckerController.cs(19,22): error CS0246: The type or namespace name 'IEmailService' could not be found (are you missing a using directive or an assembly reference?) [C:\Users\raphael.eric\Pbackdcl\NCBA.DCL\NCBA.DCL.csproj]
C:\Users\raphael.eric\Pbackdcl\NCBA.DCL\NCBA.DCL\Middleware\RoleAuthorizeAttribute.cs(7,2): error CS0579: Duplicate 'AttributeUsage' attribute [C:\Users\raphael.eric\Pbackdcl\NCBA.DCL\NCBA.DCL.csproj]
C:\Users\raphael.eric\Pbackdcl\NCBA.DCL\Controllers\CheckerController.cs(20,22): error CS0246: The type or namespace name 'IAuditLogService' could not be found (are you missing a using directive or an assembly reference?) [C:\Users\raphael.eric\Pbackdcl\NCBA.DCL\NCBA.DCL.csproj]
C:\Users\raphael.eric\Pbackdcl\NCBA.DCL\NCBA.DCL\Middleware\RoleAuthorizeAttribute.cs(12,12): error CS0111: Type 'RoleAuthorizeAttribute' already defines a member called 'RoleAuthorizeAttribute' with the same parameter types [C:\Users\raphael.eric\Pbackdcl\NCBA.DCL\NCBA.DCL.csproj]
C:\Users\raphael.eric\Pbackdcl\NCBA.DCL\NCBA.DCL\Middleware\RoleAuthorizeAttribute.cs(17,17): error CS0111: Type 'RoleAuthorizeAttribute' already defines a member called 'OnAuthorization' with the same parameter types [C:\Users\raphael.eric\Pbackdcl\NCBA.DCL\NCBA.DCL.csproj]
C:\Users\raphael.eric\Pbackdcl\NCBA.DCL\NCBA.DCL\Data\ApplicationDbContext.cs(8,12): error CS0111: Type 'ApplicationDbContext' already defines a member called 'ApplicationDbContext' with the same parameter types [C:\Users\raphael.eric\Pbackdcl\NCBA.DCL\NCBA.DCL.csproj]
C:\Users\raphael.eric\Pbackdcl\NCBA.DCL\NCBA.DCL\Data\ApplicationDbContext.cs(25,29): error CS0111: Type 'ApplicationDbContext' already defines a member called 'OnModelCreating' with the same parameter types [C:\Users\raphael.eric\Pbackdcl\NCBA.DCL\NCBA.DCL.csproj]
C:\Users\raphael.eric\Pbackdcl\NCBA.DCL\NCBA.DCL\Data\ApplicationDbContext.cs(212,31): error CS0111: Type 'ApplicationDbContext' already defines a member called 'SaveChangesAsync' with the same parameter types [C:\Users\raphael.eric\Pbackdcl\NCBA.DCL\NCBA.DCL.csproj]
C:\Users\raphael.eric\Pbackdcl\NCBA.DCL\Controllers\CheckerController.cs(21,95): error CS0246: The type or namespace name 'IEmailService' could not be found (are you missing a using directive or an assembly reference?) [C:\Users\raphael.eric\Pbackdcl\NCBA.DCL\NCBA.DCL.csproj]
C:\Users\raphael.eric\Pbackdcl\NCBA.DCL\Controllers\CheckerController.cs(21,123): error CS0246: The type or namespace name 'IAuditLogService' could not be found (are you missing a using directive or an assembly reference?) [C:\Users\raphael.eric\Pbackdcl\NCBA.DCL\NCBA.DCL.csproj]
C:\Users\raphael.eric\Pbackdcl\NCBA.DCL\NCBA.DCL\Controllers\CheckerController.cs(27,38): error CS0111: Type 'CheckerController' already defines a member called 'GetActiveDCLs' with the same parameter types [C:\Users\raphael.eric\Pbackdcl\NCBA.DCL\NCBA.DCL.csproj]
C:\Users\raphael.eric\Pbackdcl\NCBA.DCL\NCBA.DCL\Controllers\CheckerController.cs(61,38): error CS0111: Type 'CheckerController' already defines a member called 'GetMyQueue' with the same parameter types [C:\Users\raphael.eric\Pbackdcl\NCBA.DCL\NCBA.DCL.csproj]
C:\Users\raphael.eric\Pbackdcl\NCBA.DCL\NCBA.DCL\Controllers\CheckerController.cs(86,38): error CS0111: Type 'CheckerController' already defines a member called 'GetCompletedDCLs' with the same parameter types [C:\Users\raphael.eric\Pbackdcl\NCBA.DCL\NCBA.DCL.csproj]
C:\Users\raphael.eric\Pbackdcl\NCBA.DCL\NCBA.DCL\Controllers\CheckerController.cs(122,38): error CS0111: Type 'CheckerController' already defines a member called 'GetDCLById' with the same parameter types [C:\Users\raphael.eric\Pbackdcl\NCBA.DCL\NCBA.DCL.csproj]
C:\Users\raphael.eric\Pbackdcl\NCBA.DCL\NCBA.DCL\Controllers\CheckerController.cs(154,38): error CS0111: Type 'CheckerController' already defines a member called 'UpdateDCLStatus' with the same parameter types [C:\Users\raphael.eric\Pbackdcl\NCBA.DCL\NCBA.DCL.csproj]
C:\Users\raphael.eric\Pbackdcl\NCBA.DCL\NCBA.DCL\Controllers\CheckerController.cs(191,38): error CS0111: Type 'CheckerController' already defines a member called 'GetAutoMovedQueue' with the same parameter types [C:\Users\raphael.eric\Pbackdcl\NCBA.DCL\NCBA.DCL.csproj]
C:\Users\raphael.eric\Pbackdcl\NCBA.DCL\NCBA.DCL\Controllers\CheckerController.cs(225,38): error CS0111: Type 'CheckerController' already defines a member called 'UpdateStatus' with the same parameter types [C:\Users\raphael.eric\Pbackdcl\NCBA.DCL\NCBA.DCL.csproj]
C:\Users\raphael.eric\Pbackdcl\NCBA.DCL\NCBA.DCL\Controllers\CheckerController.cs(249,38): error CS0111: Type 'CheckerController' already defines a member called 'GetReports' with the same parameter types [C:\Users\raphael.eric\Pbackdcl\NCBA.DCL\NCBA.DCL.csproj]
C:\Users\raphael.eric\Pbackdcl\NCBA.DCL\NCBA.DCL\Controllers\CheckerController.cs(287,38): error CS0111: Type 'CheckerController' already defines a member called 'ApproveDCL' with the same parameter types [C:\Users\raphael.eric\Pbackdcl\NCBA.DCL\NCBA.DCL.csproj]
C:\Users\raphael.eric\Pbackdcl\NCBA.DCL\NCBA.DCL\Controllers\CheckerController.cs(343,38): error CS0111: Type 'CheckerController' already defines a member called 'RejectDCL' with the same parameter types [C:\Users\raphael.eric\Pbackdcl\NCBA.DCL\NCBA.DCL.csproj]
C:\Users\raphael.eric\Pbackdcl\NCBA.DCL\NCBA.DCL\Controllers\CoCreatorController.cs(27,12): error CS0111: Type 'CoCreatorController' already defines a member called 'CoCreatorController' with the same parameter types [C:\Users\raphael.eric\Pbackdcl\NCBA.DCL\NCBA.DCL.csproj]
C:\Users\raphael.eric\Pbackdcl\NCBA.DCL\NCBA.DCL\Controllers\CoCreatorController.cs(41,38): error CS0111: Type 'CoCreatorController' already defines a member called 'CreateChecklist' with the same parameter types [C:\Users\raphael.eric\Pbackdcl\NCBA.DCL\NCBA.DCL.csproj]
C:\Users\raphael.eric\Pbackdcl\NCBA.DCL\NCBA.DCL\Controllers\CoCreatorController.cs(137,38): error CS0111: Type 'CoCreatorController' already defines a member called 'GetAllChecklists' with the same parameter types [C:\Users\raphael.eric\Pbackdcl\NCBA.DCL\NCBA.DCL.csproj]
C:\Users\raphael.eric\Pbackdcl\NCBA.DCL\NCBA.DCL\Controllers\CoCreatorController.cs(215,38): error CS0111: Type 'CoCreatorController' already defines a member called 'GetChecklistById' with the same parameter types [C:\Users\raphael.eric\Pbackdcl\NCBA.DCL\NCBA.DCL.csproj]
C:\Users\raphael.eric\Pbackdcl\NCBA.DCL\NCBA.DCL\Controllers\CoCreatorController.cs(246,38): error CS0111: Type 'CoCreatorController' already defines a member called 'GetChecklistByDclNo' with the same parameter types [C:\Users\raphael.eric\Pbackdcl\NCBA.DCL\NCBA.DCL.csproj]
C:\Users\raphael.eric\Pbackdcl\NCBA.DCL\NCBA.DCL\Controllers\CoCreatorController.cs(275,38): error CS0111: Type 'CoCreatorController' already defines a member called 'UpdateChecklist' with the same parameter types [C:\Users\raphael.eric\Pbackdcl\NCBA.DCL\NCBA.DCL.csproj]
C:\Users\raphael.eric\Pbackdcl\NCBA.DCL\NCBA.DCL\Controllers\CoCreatorController.cs(307,38): error CS0111: Type 'CoCreatorController' already defines a member called 'GetChecklistComments' with the same parameter types [C:\Users\raphael.eric\Pbackdcl\NCBA.DCL\NCBA.DCL.csproj]
C:\Users\raphael.eric\Pbackdcl\NCBA.DCL\NCBA.DCL\Controllers\CoCreatorController.cs(335,38): error CS0111: Type 'CoCreatorController' already defines a member called 'SearchCustomer' with the same parameter types [C:\Users\raphael.eric\Pbackdcl\NCBA.DCL\NCBA.DCL.csproj]
C:\Users\raphael.eric\Pbackdcl\NCBA.DCL\NCBA.DCL\Controllers\CoCreatorController.cs(372,38): error CS0111: Type 'CoCreatorController' already defines a member called 'GetChecklistsByCreator' with the same parameter types [C:\Users\raphael.eric\Pbackdcl\NCBA.DCL\NCBA.DCL.csproj]
C:\Users\raphael.eric\Pbackdcl\NCBA.DCL\NCBA.DCL\Controllers\CoCreatorController.cs(395,38): error CS0111: Type 'CoCreatorController' already defines a member called 'CoCreatorReview' with the same parameter types [C:\Users\raphael.eric\Pbackdcl\NCBA.DCL\NCBA.DCL.csproj]
C:\Users\raphael.eric\Pbackdcl\NCBA.DCL\NCBA.DCL\Controllers\CoCreatorController.cs(439,38): error CS0111: Type 'CoCreatorController' already defines a member called 'CoCheckerApproval' with the same parameter types [C:\Users\raphael.eric\Pbackdcl\NCBA.DCL\NCBA.DCL.csproj]
C:\Users\raphael.eric\Pbackdcl\NCBA.DCL\NCBA.DCL\Controllers\CoCreatorController.cs(481,38): error CS0111: Type 'CoCreatorController' already defines a member called 'UpdateDocumentAdmin' with the same parameter types [C:\Users\raphael.eric\Pbackdcl\NCBA.DCL\NCBA.DCL.csproj]
C:\Users\raphael.eric\Pbackdcl\NCBA.DCL\NCBA.DCL\Controllers\CoCreatorController.cs(509,38): error CS0111: Type 'CoCreatorController' already defines a member called 'UpdateChecklistStatus' with the same parameter types [C:\Users\raphael.eric\Pbackdcl\NCBA.DCL\NCBA.DCL.csproj]
C:\Users\raphael.eric\Pbackdcl\NCBA.DCL\NCBA.DCL\Controllers\CoCreatorController.cs(707,38): error CS0111: Type 'CoCreatorController' already defines a member called 'UpdateStatus' with the same parameter types [C:\Users\raphael.eric\Pbackdcl\NCBA.DCL\NCBA.DCL.csproj]
C:\Users\raphael.eric\Pbackdcl\NCBA.DCL\NCBA.DCL\Controllers\CoCreatorController.cs(732,38): error CS0111: Type 'CoCreatorController' already defines a member called 'AddDocument' with the same parameter types [C:\Users\raphael.eric\Pbackdcl\NCBA.DCL\NCBA.DCL.csproj]
C:\Users\raphael.eric\Pbackdcl\NCBA.DCL\NCBA.DCL\Controllers\CoCreatorController.cs(796,38): error CS0111: Type 'CoCreatorController' already defines a member called 'UpdateDocument' with the same parameter types [C:\Users\raphael.eric\Pbackdcl\NCBA.DCL\NCBA.DCL.csproj]
C:\Users\raphael.eric\Pbackdcl\NCBA.DCL\NCBA.DCL\Controllers\CoCreatorController.cs(844,38): error CS0111: Type 'CoCreatorController' already defines a member called 'DeleteDocument' with the same parameter types [C:\Users\raphael.eric\Pbackdcl\NCBA.DCL\NCBA.DCL.csproj]
C:\Users\raphael.eric\Pbackdcl\NCBA.DCL\NCBA.DCL\Controllers\CoCreatorController.cs(882,38): error CS0111: Type 'CoCreatorController' already defines a member called 'UploadDocumentFile' with the same parameter types [C:\Users\raphael.eric\Pbackdcl\NCBA.DCL\NCBA.DCL.csproj]
C:\Users\raphael.eric\Pbackdcl\NCBA.DCL\NCBA.DCL\Controllers\CoCreatorController.cs(934,38): error CS0111: Type 'CoCreatorController' already defines a member called 'UploadSupportingDocs' with the same parameter types [C:\Users\raphael.eric\Pbackdcl\NCBA.DCL\NCBA.DCL.csproj]
C:\Users\raphael.eric\Pbackdcl\NCBA.DCL\NCBA.DCL\Controllers\CoCreatorController.cs(977,38): error CS0111: Type 'CoCreatorController' already defines a member called 'DownloadChecklist' with the same parameter types [C:\Users\raphael.eric\Pbackdcl\NCBA.DCL\NCBA.DCL.csproj]
C:\Users\raphael.eric\Pbackdcl\NCBA.DCL\NCBA.DCL\Controllers\CoCreatorController.cs(1009,38): error CS0111: Type 'CoCreatorController' already defines a member called 'GetActiveChecklists' with the same parameter types [C:\Users\raphael.eric\Pbackdcl\NCBA.DCL\NCBA.DCL.csproj]
C:\Users\raphael.eric\Pbackdcl\NCBA.DCL\NCBA.DCL\Controllers\RMController.cs(11,2): error CS0579: Duplicate 'ApiController' attribute [C:\Users\raphael.eric\Pbackdcl\NCBA.DCL\NCBA.DCL.csproj]
C:\Users\raphael.eric\Pbackdcl\NCBA.DCL\NCBA.DCL\Controllers\DeferralController.cs(17,12): error CS0111: Type 'DeferralController' already defines a member called 'DeferralController' with the same parameter types [C:\Users\raphael.eric\Pbackdcl\NCBA.DCL\NCBA.DCL.csproj]
C:\Users\raphael.eric\Pbackdcl\NCBA.DCL\NCBA.DCL\Controllers\DeferralController.cs(24,38): error CS0111: Type 'DeferralController' already defines a member called 'CreateDeferral' with the same parameter types [C:\Users\raphael.eric\Pbackdcl\NCBA.DCL\NCBA.DCL.csproj]
C:\Users\raphael.eric\Pbackdcl\NCBA.DCL\NCBA.DCL\Controllers\DeferralController.cs(76,38): error CS0111: Type 'DeferralController' already defines a member called 'GetPendingDeferrals' with the same parameter types [C:\Users\raphael.eric\Pbackdcl\NCBA.DCL\NCBA.DCL.csproj]
C:\Users\raphael.eric\Pbackdcl\NCBA.DCL\NCBA.DCL\Controllers\DeferralController.cs(98,38): error CS0111: Type 'DeferralController' already defines a member called 'GetDeferral' with the same parameter types [C:\Users\raphael.eric\Pbackdcl\NCBA.DCL\NCBA.DCL.csproj]
C:\Users\raphael.eric\Pbackdcl\NCBA.DCL\NCBA.DCL\Controllers\DeferralController.cs(125,38): error CS0111: Type 'DeferralController' already defines a member called 'UpdateFacilities' with the same parameter types [C:\Users\raphael.eric\Pbackdcl\NCBA.DCL\NCBA.DCL.csproj]
C:\Users\raphael.eric\Pbackdcl\NCBA.DCL\NCBA.DCL\Controllers\DeferralController.cs(168,38): error CS0111: Type 'DeferralController' already defines a member called 'AddDocument' with the same parameter types [C:\Users\raphael.eric\Pbackdcl\NCBA.DCL\NCBA.DCL.csproj]
C:\Users\raphael.eric\Pbackdcl\NCBA.DCL\NCBA.DCL\Controllers\DeferralController.cs(205,38): error CS0111: Type 'DeferralController' already defines a member called 'DeleteDocument' with the same parameter types [C:\Users\raphael.eric\Pbackdcl\NCBA.DCL\NCBA.DCL.csproj]
C:\Users\raphael.eric\Pbackdcl\NCBA.DCL\NCBA.DCL\Controllers\DeferralController.cs(230,38): error CS0111: Type 'DeferralController' already defines a member called 'SetApprovers' with the same parameter types [C:\Users\raphael.eric\Pbackdcl\NCBA.DCL\NCBA.DCL.csproj]
C:\Users\raphael.eric\Pbackdcl\NCBA.DCL\NCBA.DCL\Controllers\DeferralController.cs(271,38): error CS0111: Type 'DeferralController' already defines a member called 'ApproveDeferral' with the same parameter types [C:\Users\raphael.eric\Pbackdcl\NCBA.DCL\NCBA.DCL.csproj]
C:\Users\raphael.eric\Pbackdcl\NCBA.DCL\NCBA.DCL\Controllers\DeferralController.cs(315,38): error CS0111: Type 'DeferralController' already defines a member called 'RejectDeferral' with the same parameter types [C:\Users\raphael.eric\Pbackdcl\NCBA.DCL\NCBA.DCL.csproj]
C:\Users\raphael.eric\Pbackdcl\NCBA.DCL\NCBA.DCL\Controllers\DeferralController.cs(340,38): error CS0111: Type 'DeferralController' already defines a member called 'GeneratePDF' with the same parameter types [C:\Users\raphael.eric\Pbackdcl\NCBA.DCL\NCBA.DCL.csproj]
C:\Users\raphael.eric\Pbackdcl\NCBA.DCL\NCBA.DCL\Controllers\RMController.cs(19,12): error CS0111: Type 'RMController' already defines a member called 'RMController' with the same parameter types [C:\Users\raphael.eric\Pbackdcl\NCBA.DCL\NCBA.DCL.csproj]
C:\Users\raphael.eric\Pbackdcl\NCBA.DCL\NCBA.DCL\Controllers\RMController.cs(28,38): error CS0111: Type 'RMController' already defines a member called 'GetMyQueue' with the same parameter types [C:\Users\raphael.eric\Pbackdcl\NCBA.DCL\NCBA.DCL.csproj]
C:\Users\raphael.eric\Pbackdcl\NCBA.DCL\NCBA.DCL\Controllers\RMController.cs(68,38): error CS0111: Type 'RMController' already defines a member called 'SubmitToCoCreator' with the same parameter types [C:\Users\raphael.eric\Pbackdcl\NCBA.DCL\NCBA.DCL.csproj]
C:\Users\raphael.eric\Pbackdcl\NCBA.DCL\NCBA.DCL\Controllers\RMController.cs(135,38): error CS0111: Type 'RMController' already defines a member called 'GetCompletedDCLs' with the same parameter types [C:\Users\raphael.eric\Pbackdcl\NCBA.DCL\NCBA.DCL.csproj]
C:\Users\raphael.eric\Pbackdcl\NCBA.DCL\NCBA.DCL\Controllers\RMController.cs(173,38): error CS0111: Type 'RMController' already defines a member called 'DeleteDCL' with the same parameter types [C:\Users\raphael.eric\Pbackdcl\NCBA.DCL\NCBA.DCL.csproj]
C:\Users\raphael.eric\Pbackdcl\NCBA.DCL\NCBA.DCL\Controllers\RMController.cs(206,38): error CS0111: Type 'RMController' already defines a member called 'GetChecklistById' with the same parameter types [C:\Users\raphael.eric\Pbackdcl\NCBA.DCL\NCBA.DCL.csproj]
C:\Users\raphael.eric\Pbackdcl\NCBA.DCL\NCBA.DCL\Controllers\RMController.cs(239,38): error CS0111: Type 'RMController' already defines a member called 'DeleteDocumentFile' with the same parameter types [C:\Users\raphael.eric\Pbackdcl\NCBA.DCL\NCBA.DCL.csproj]
C:\Users\raphael.eric\Pbackdcl\NCBA.DCL\NCBA.DCL\Controllers\RMController.cs(285,38): error CS0111: Type 'RMController' already defines a member called 'GetNotifications' with the same parameter types [C:\Users\raphael.eric\Pbackdcl\NCBA.DCL\NCBA.DCL.csproj]
C:\Users\raphael.eric\Pbackdcl\NCBA.DCL\NCBA.DCL\Controllers\RMController.cs(313,38): error CS0111: Type 'RMController' already defines a member called 'MarkNotificationAsRead' with the same parameter types [C:\Users\raphael.eric\Pbackdcl\NCBA.DCL\NCBA.DCL.csproj]
C:\Users\raphael.eric\Pbackdcl\NCBA.DCL\NCBA.DCL\Controllers\UserController.cs(13,2): error CS0579: Duplicate 'ApiController' attribute [C:\Users\raphael.eric\Pbackdcl\NCBA.DCL\NCBA.DCL.csproj]
C:\Users\raphael.eric\Pbackdcl\NCBA.DCL\NCBA.DCL\Controllers\UserLogController.cs(8,2): error CS0579: Duplicate 'ApiController' attribute [C:\Users\raphael.eric\Pbackdcl\NCBA.DCL\NCBA.DCL.csproj]
C:\Users\raphael.eric\Pbackdcl\NCBA.DCL\NCBA.DCL\Controllers\UserLogController.cs(16,12): error CS0111: Type 'UserLogController' already defines a member called 'UserLogController' with the same parameter types [C:\Users\raphael.eric\Pbackdcl\NCBA.DCL\NCBA.DCL.csproj]
C:\Users\raphael.eric\Pbackdcl\NCBA.DCL\NCBA.DCL\Controllers\UserLogController.cs(23,38): error CS0111: Type 'UserLogController' already defines a member called 'GetLogs' with the same parameter types [C:\Users\raphael.eric\Pbackdcl\NCBA.DCL\NCBA.DCL.csproj]
C:\Users\raphael.eric\Pbackdcl\NCBA.DCL\NCBA.DCL\Controllers\UserController.cs(21,12): error CS0111: Type 'UserController' already defines a member called 'UserController' with the same parameter types [C:\Users\raphael.eric\Pbackdcl\NCBA.DCL\NCBA.DCL.csproj]
C:\Users\raphael.eric\Pbackdcl\NCBA.DCL\NCBA.DCL\Controllers\UserController.cs(32,38): error CS0111: Type 'UserController' already defines a member called 'CreateUser' with the same parameter types [C:\Users\raphael.eric\Pbackdcl\NCBA.DCL\NCBA.DCL.csproj]
C:\Users\raphael.eric\Pbackdcl\NCBA.DCL\NCBA.DCL\Controllers\UserController.cs(121,38): error CS0111: Type 'UserController' already defines a member called 'GetUsers' with the same parameter types [C:\Users\raphael.eric\Pbackdcl\NCBA.DCL\NCBA.DCL.csproj]
C:\Users\raphael.eric\Pbackdcl\NCBA.DCL\NCBA.DCL\Controllers\UserController.cs(154,38): error CS0111: Type 'UserController' already defines a member called 'GetStats' with the same parameter types [C:\Users\raphael.eric\Pbackdcl\NCBA.DCL\NCBA.DCL.csproj]
C:\Users\raphael.eric\Pbackdcl\NCBA.DCL\NCBA.DCL\Controllers\UserController.cs(190,38): error CS0111: Type 'UserController' already defines a member called 'ToggleActive' with the same parameter types [C:\Users\raphael.eric\Pbackdcl\NCBA.DCL\NCBA.DCL.csproj]
C:\Users\raphael.eric\Pbackdcl\NCBA.DCL\NCBA.DCL\Controllers\UserController.cs(218,38): error CS0111: Type 'UserController' already defines a member called 'ChangeRole' with the same parameter types [C:\Users\raphael.eric\Pbackdcl\NCBA.DCL\NCBA.DCL.csproj]

Build FAILED.
    12 Warning(s)
    148 Error(s)

Time Elapsed 00:00:02.81
